[33mΓ¥»[39m Building...
[32mΓ£ö[39m Building...
Application bundle generation failed. [4.916 seconds] - 2026-04-04T10:33:31.427Z

node.exe : 
[1m[33m[33mΓû▓ [43;33m[
[43;30mWARNING[43;33m][0
m [1mNG8103: The `*ngIf` 
directive was used in the 
template, but neither the 
`NgIf` directive nor the 
`CommonModule` was 
imported. Use Angular's 
built-in control flow @if 
or make sure that either 
the `NgIf` directive or 
the `CommonModule` is 
included in the 
`@Component.imports` array 
of this component.[0m 
[1m[35m[plugin 
angular-compiler][0m
At line:1 char:1
+ & "C:\Program 
Files\nodejs/node.exe" 
"C:\Program 
Files\nodejs/node_mo ...
+ ~~~~~~~~~~~~~~~~~~~~~~~~~
~~~~~~~~~~~~~~~~~~~~~~~~~~~
~~~~~~~~~~~~~~~~~
    + CategoryInfo         
     : NotSpecified: ([1  
  m[33m[33mΓ...r-compi   
 ler][0m:String) [], R    
emoteException
    + FullyQualifiedErrorI 
   d : NativeCommandError
 

    src/app/app.html:37:32:
[37m      37 Γöé         
<div class="role-hint" *[3
2mngIf[37m="state.role() 
=== 'viewer'">R...
         Γò╡               
                  
[32m~~~~[0m

  Warning occurs in the 
template of component App.

    src/app/app.ts:7:15:
[37m      7 Γöé   
templateUrl: 
[32m'./app.html'[37m,
        Γò╡                
[32m~~~~~~~~~~~~[0m


[33mΓû▓ [43;33m[[43;30mW
ARNING[43;33m][0m 
[1mNG8103: The `*ngIf` 
directive was used in the 
template, but neither the 
`NgIf` directive nor the 
`CommonModule` was 
imported. Use Angular's 
built-in control flow @if 
or make sure that either 
the `NgIf` directive or 
the `CommonModule` is 
included in the 
`@Component.imports` array 
of this component.[0m 
[1m[35m[plugin 
angular-compiler][0m

    src/app/app.html:38:38:
[37m      38 Γöé ...<div 
class="role-hint admin" *[
32mngIf[37m="state.role() 
=== 'admin'">C...
         Γò╡               
                   
[32m~~~~[0m

  Warning occurs in the 
template of component App.

    src/app/app.ts:7:15:
[37m      7 Γöé   
templateUrl: 
[32m'./app.html'[37m,
        Γò╡                
[32m~~~~~~~~~~~~[0m


[33mΓû▓ [43;33m[[43;30mW
ARNING[43;33m][0m 
[1mNG8103: The `*ngIf` 
directive was used in the 
template, but neither the 
`NgIf` directive nor the 
`CommonModule` was 
imported. Use Angular's 
built-in control flow @if 
or make sure that either 
the `NgIf` directive or 
the `CommonModule` is 
included in the 
`@Component.imports` array 
of this component.[0m 
[1m[35m[plugin 
angular-compiler][0m

    src/app/app.html:48:15:
[37m      48 Γöé         
<span *[32mngIf[37m="stat
e.activeTab() === 
'dashboard'">Dashboard<...
         Γò╡               
 [32m~~~~[0m

  Warning occurs in the 
template of component App.

    src/app/app.ts:7:15:
[37m      7 Γöé   
templateUrl: 
[32m'./app.html'[37m,
        Γò╡                
[32m~~~~~~~~~~~~[0m


[33mΓû▓ [43;33m[[43;30mW
ARNING[43;33m][0m 
[1mNG8103: The `*ngIf` 
directive was used in the 
template, but neither the 
`NgIf` directive nor the 
`CommonModule` was 
imported. Use Angular's 
built-in control flow @if 
or make sure that either 
the `NgIf` directive or 
the `CommonModule` is 
included in the 
`@Component.imports` array 
of this component.[0m 
[1m[35m[plugin 
angular-compiler][0m

    src/app/app.html:49:15:
[37m      49 Γöé         
<span *[32mngIf[37m="stat
e.activeTab() === 
'transactions'">Transac...
         Γò╡               
 [32m~~~~[0m

  Warning occurs in the 
template of component App.

    src/app/app.ts:7:15:
[37m      7 Γöé   
templateUrl: 
[32m'./app.html'[37m,
        Γò╡                
[32m~~~~~~~~~~~~[0m


[33mΓû▓ [43;33m[[43;30mW
ARNING[43;33m][0m 
[1mNG8103: The `*ngIf` 
directive was used in the 
template, but neither the 
`NgIf` directive nor the 
`CommonModule` was 
imported. Use Angular's 
built-in control flow @if 
or make sure that either 
the `NgIf` directive or 
the `CommonModule` is 
included in the 
`@Component.imports` array 
of this component.[0m 
[1m[35m[plugin 
angular-compiler][0m

    src/app/app.html:50:15:
[37m      50 Γöé         
<span *[32mngIf[37m="stat
e.activeTab() === 
'insights'">Insights</s...
         Γò╡               
 [32m~~~~[0m

  Warning occurs in the 
template of component App.

    src/app/app.ts:7:15:
[37m      7 Γöé   
templateUrl: 
[32m'./app.html'[37m,
        Γò╡                
[32m~~~~~~~~~~~~[0m


[33mΓû▓ [43;33m[[43;30mW
ARNING[43;33m][0m 
[1mNG8103: The `*ngIf` 
directive was used in the 
template, but neither the 
`NgIf` directive nor the 
`CommonModule` was 
imported. Use Angular's 
built-in control flow @if 
or make sure that either 
the `NgIf` directive or 
the `CommonModule` is 
included in the 
`@Component.imports` array 
of this component.[0m 
[1m[35m[plugin 
angular-compiler][0m

    src/app/app.html:77:23:
[37m      77 Γöé       
<app-dashboard  *[32mngIf
[37m="state.activeTab() 
=== 'dashboard'"></...
         Γò╡               
         [32m~~~~[0m

  Warning occurs in the 
template of component App.

    src/app/app.ts:7:15:
[37m      7 Γöé   
templateUrl: 
[32m'./app.html'[37m,
        Γò╡                
[32m~~~~~~~~~~~~[0m


[33mΓû▓ [43;33m[[43;30mW
ARNING[43;33m][0m 
[1mNG8103: The `*ngIf` 
directive was used in the 
template, but neither the 
`NgIf` directive nor the 
`CommonModule` was 
imported. Use Angular's 
built-in control flow @if 
or make sure that either 
the `NgIf` directive or 
the `CommonModule` is 
included in the 
`@Component.imports` array 
of this component.[0m 
[1m[35m[plugin 
angular-compiler][0m

    src/app/app.html:78:25:
[37m      78 Γöé       
<app-transactions *[32mngI
f[37m="state.activeTab() 
=== 'transactions...
         Γò╡               
           [32m~~~~[0m

  Warning occurs in the 
template of component App.

    src/app/app.ts:7:15:
[37m      7 Γöé   
templateUrl: 
[32m'./app.html'[37m,
        Γò╡                
[32m~~~~~~~~~~~~[0m


[33mΓû▓ [43;33m[[43;30mW
ARNING[43;33m][0m 
[1mNG8103: The `*ngIf` 
directive was used in the 
template, but neither the 
`NgIf` directive nor the 
`CommonModule` was 
imported. Use Angular's 
built-in control flow @if 
or make sure that either 
the `NgIf` directive or 
the `CommonModule` is 
included in the 
`@Component.imports` array 
of this component.[0m 
[1m[35m[plugin 
angular-compiler][0m

    src/app/app.html:79:23:
[37m      79 Γöé       
<app-insights   *[32mngIf
[37m="state.activeTab() 
=== 'insights'"></a...
         Γò╡               
         [32m~~~~[0m

  Warning occurs in the 
template of component App.

    src/app/app.ts:7:15:
[37m      7 Γöé   
templateUrl: 
[32m'./app.html'[37m,
        Γò╡                
[32m~~~~~~~~~~~~[0m


[33mΓû▓ [43;33m[[43;30mW
ARNING[43;33m][0m 
[1mNG8113: All imports 
are unused[0m 
[1m[35m[plugin 
angular-compiler][0m

    src/app/app.ts:6:2:
[37m      6 Γöé   
[32mimports[37m: 
[RouterOutlet],
        Γò╡   
[32m~~~~~~~[0m

[39m[22m
[1m[31m[31mX [41;31m[[
41;97mERROR[41;31m][0m 
[1mTS2339: Property 
'state' does not exist on 
type 'App'.[0m 
[1m[35m[plugin 
angular-compiler][0m

    src/app/app.html:9:24:
[37m      9 Γöé         [c
lass.active]="[32mstate[3
7m.activeTab() === 
'dashboard'"
        Γò╡                
         [32m~~~~~[0m

  Error occurs in the 
template of component App.

    src/app/app.ts:7:15:
[37m      7 Γöé   
templateUrl: 
[32m'./app.html'[37m,
        Γò╡                
[32m~~~~~~~~~~~~[0m


[31mX [41;31m[[41;97mERR
OR[41;31m][0m 
[1mTS2339: Property 
'state' does not exist on 
type 'App'.[0m 
[1m[35m[plugin 
angular-compiler][0m

    src/app/app.html:10:17:
[37m      10 Γöé         (
click)="[32mstate[37m.act
iveTab.set('dashboard')">
         Γò╡               
   [32m~~~~~[0m

  Error occurs in the 
template of component App.

    src/app/app.ts:7:15:
[37m      7 Γöé   
templateUrl: 
[32m'./app.html'[37m,
        Γò╡                
[32m~~~~~~~~~~~~[0m


[31mX [41;31m[[41;97mERR
OR[41;31m][0m 
[1mTS2339: Property 
'state' does not exist on 
type 'App'.[0m 
[1m[35m[plugin 
angular-compiler][0m

    src/app/app.html:16:24:
[37m      16 Γöé         [
class.active]="[32mstate[
37m.activeTab() === 
'transactions'"
         Γò╡               
          [32m~~~~~[0m

  Error occurs in the 
template of component App.

    src/app/app.ts:7:15:
[37m      7 Γöé   
templateUrl: 
[32m'./app.html'[37m,
        Γò╡                
[32m~~~~~~~~~~~~[0m


[31mX [41;31m[[41;97mERR
OR[41;31m][0m 
[1mTS2339: Property 
'state' does not exist on 
type 'App'.[0m 
[1m[35m[plugin 
angular-compiler][0m

    src/app/app.html:17:17:
[37m      17 Γöé         (
click)="[32mstate[37m.act
iveTab.set('transactions')"
>
         Γò╡               
   [32m~~~~~[0m

  Error occurs in the 
template of component App.

    src/app/app.ts:7:15:
[37m      7 Γöé   
templateUrl: 
[32m'./app.html'[37m,
        Γò╡                
[32m~~~~~~~~~~~~[0m


[31mX [41;31m[[41;97mERR
OR[41;31m][0m 
[1mTS2339: Property 
'state' does not exist on 
type 'App'.[0m 
[1m[35m[plugin 
angular-compiler][0m

    src/app/app.html:23:24:
[37m      23 Γöé         [
class.active]="[32mstate[
37m.activeTab() === 
'insights'"
         Γò╡               
          [32m~~~~~[0m

  Error occurs in the 
template of component App.

    src/app/app.ts:7:15:
[37m      7 Γöé   
templateUrl: 
[32m'./app.html'[37m,
        Γò╡                
[32m~~~~~~~~~~~~[0m


[31mX [41;31m[[41;97mERR
OR[41;31m][0m 
[1mTS2339: Property 
'state' does not exist on 
type 'App'.[0m 
[1m[35m[plugin 
angular-compiler][0m

    src/app/app.html:24:17:
[37m      24 Γöé         (
click)="[32mstate[37m.act
iveTab.set('insights')">
         Γò╡               
   [32m~~~~~[0m

  Error occurs in the 
template of component App.

    src/app/app.ts:7:15:
[37m      7 Γöé   
templateUrl: 
[32m'./app.html'[37m,
        Γò╡                
[32m~~~~~~~~~~~~[0m


[31mX [41;31m[[41;97mERR
OR[41;31m][0m 
[1mTS2339: Property 
'state' does not exist on 
type 'App'.[0m 
[1m[35m[plugin 
angular-compiler][0m

    src/app/app.html:33:45:
[37m      33 Γöé 
...class="role-select" [val
ue]="[32mstate[37m.role()
" (change)="setRole($e...
         Γò╡               
                  
[32m~~~~~[0m

  Error occurs in the 
template of component App.

    src/app/app.ts:7:15:
[37m      7 Γöé   
templateUrl: 
[32m'./app.html'[37m,
        Γò╡                
[32m~~~~~~~~~~~~[0m


[31mX [41;31m[[41;97mERR
OR[41;31m][0m 
[1mTS2339: Property 
'setRole' does not exist 
on type 'App'.[0m 
[1m[35m[plugin 
angular-compiler][0m

    src/app/app.html:33:69:
[37m      33 Γöé 
...s="role-select" 
[value]="state.role()" (cha
nge)="[32msetRole[37m($ev
ent)">
         Γò╡               
                           
           [32m~~~~~~~[0m

  Error occurs in the 
template of component App.

    src/app/app.ts:7:15:
[37m      7 Γöé   
templateUrl: 
[32m'./app.html'[37m,
        Γò╡                
[32m~~~~~~~~~~~~[0m


[31mX [41;31m[[41;97mERR
OR[41;31m][0m 
[1mTS2339: Property 
'state' does not exist on 
type 'App'.[0m 
[1m[35m[plugin 
angular-compiler][0m

    src/app/app.html:56:49:
[37m      56 Γöé 
...mobile-nav-btn" [class.a
ctive]="[32mstate[37m.act
iveTab() === 'dashboard'"
         Γò╡               
                     
[32m~~~~~[0m

  Error occurs in the 
template of component App.

    src/app/app.ts:7:15:
[37m      7 Γöé   
templateUrl: 
[32m'./app.html'[37m,
        Γò╡                
[32m~~~~~~~~~~~~[0m


[31mX [41;31m[[41;97mERR
OR[41;31m][0m 
[1mTS2339: Property 
'state' does not exist on 
type 'App'.[0m 
[1m[35m[plugin 
angular-compiler][0m

    src/app/app.html:57:19:
[37m      57 Γöé          
 (click)="[32mstate[37m.a
ctiveTab.set('dashboard')">
Γè₧</button>
         Γò╡               
     [32m~~~~~[0m

  Error occurs in the 
template of component App.

    src/app/app.ts:7:15:
[37m      7 Γöé   
templateUrl: 
[32m'./app.html'[37m,
        Γò╡                
[32m~~~~~~~~~~~~[0m


[31mX [41;31m[[41;97mERR
OR[41;31m][0m 
[1mTS2339: Property 
'state' does not exist on 
type 'App'.[0m 
[1m[35m[plugin 
angular-compiler][0m

    src/app/app.html:59:49:
[37m      59 Γöé 
...ile-nav-btn" [class.acti
ve]="[32mstate[37m.active
Tab() === 'transactions'"
         Γò╡               
                  
[32m~~~~~[0m

  Error occurs in the 
template of component App.

    src/app/app.ts:7:15:
[37m      7 Γöé   
templateUrl: 
[32m'./app.html'[37m,
        Γò╡                
[32m~~~~~~~~~~~~[0m


[31mX [41;31m[[41;97mERR
OR[41;31m][0m 
[1mTS2339: Property 
'state' does not exist on 
type 'App'.[0m 
[1m[35m[plugin 
angular-compiler][0m

    src/app/app.html:60:19:
[37m      60 Γöé          
 (click)="[32mstate[37m.a
ctiveTab.set('transactions'
)">Γçä</button>
         Γò╡               
     [32m~~~~~[0m

  Error occurs in the 
template of component App.

    src/app/app.ts:7:15:
[37m      7 Γöé   
templateUrl: 
[32m'./app.html'[37m,
        Γò╡                
[32m~~~~~~~~~~~~[0m


[31mX [41;31m[[41;97mERR
OR[41;31m][0m 
[1mTS2339: Property 
'state' does not exist on 
type 'App'.[0m 
[1m[35m[plugin 
angular-compiler][0m

    src/app/app.html:62:49:
[37m      62 Γöé 
..."mobile-nav-btn" [class.
active]="[32mstate[37m.ac
tiveTab() === 'insights'"
         Γò╡               
                      
[32m~~~~~[0m

  Error occurs in the 
template of component App.

    src/app/app.ts:7:15:
[37m      7 Γöé   
templateUrl: 
[32m'./app.html'[37m,
        Γò╡                
[32m~~~~~~~~~~~~[0m


[31mX [41;31m[[41;97mERR
OR[41;31m][0m 
[1mTS2339: Property 
'state' does not exist on 
type 'App'.[0m 
[1m[35m[plugin 
angular-compiler][0m

    src/app/app.html:63:19:
[37m      63 Γöé          
 (click)="[32mstate[37m.a
ctiveTab.set('insights')">Γ
ùê</button>
         Γò╡               
     [32m~~~~~[0m

  Error occurs in the 
template of component App.

    src/app/app.ts:7:15:
[37m      7 Γöé   
templateUrl: 
[32m'./app.html'[37m,
        Γò╡                
[32m~~~~~~~~~~~~[0m


[31mX [41;31m[[41;97mERR
OR[41;31m][0m 
[1mTS2339: Property 
'state' does not exist on 
type 'App'.[0m 
[1m[35m[plugin 
angular-compiler][0m

    src/app/app.html:67:41:
[37m      67 Γöé         
<div class="role-badge" [cl
ass]="[32mstate[37m.role(
)">
         Γò╡               
                           
[32m~~~~~[0m

  Error occurs in the 
template of component App.

    src/app/app.ts:7:15:
[37m      7 Γöé   
templateUrl: 
[32m'./app.html'[37m,
        Γò╡                
[32m~~~~~~~~~~~~[0m


[31mX [41;31m[[41;97mERR
OR[41;31m][0m 
[1mTS2339: Property 
'state' does not exist on 
type 'App'.[0m 
[1m[35m[plugin 
angular-compiler][0m

    src/app/app.html:69:13:
[37m      69 Γöé          
 {{ [32mstate[37m.role() 
=== 'admin' ? 'Admin' : 
'Viewer' }}
         Γò╡              
[32m~~~~~[0m

  Error occurs in the 
template of component App.

    src/app/app.ts:7:15:
[37m      7 Γöé   
templateUrl: 
[32m'./app.html'[37m,
        Γò╡                
[32m~~~~~~~~~~~~[0m


[31mX [41;31m[[41;97mERR
OR[41;31m][0m 
[1mNG8001: 
'app-dashboard' is not a 
known element:
1. If 'app-dashboard' is 
an Angular component, then 
verify that it is included 
in the 
'@Component.imports' of 
this component.
2. If 'app-dashboard' is a 
Web Component then add 
'CUSTOM_ELEMENTS_SCHEMA' 
to the 
'@Component.schemas' of 
this component to suppress 
this message.[0m 
[1m[35m[plugin 
angular-compiler][0m

    src/app/app.html:77:6:
[37m      77 Γöé       
[32m<app-dashboard  
*ngIf="state.activeTab() 
=== 'dashboard'">[37m</...
         Γò╡       [32m~~~
~~~~~~~~~~~~~~~~~~~~~~~~~~~
~~~~~~~~~~~~~~~~~~~~~~~~~~~
~[0m

  Error occurs in the 
template of component App.

    src/app/app.ts:7:15:
[37m      7 Γöé   
templateUrl: 
[32m'./app.html'[37m,
        Γò╡                
[32m~~~~~~~~~~~~[0m


[31mX [41;31m[[41;97mERR
OR[41;31m][0m 
[1mNG8001: 
'app-transactions' is not 
a known element:
1. If 'app-transactions' 
is an Angular component, 
then verify that it is 
included in the 
'@Component.imports' of 
this component.
2. If 'app-transactions' 
is a Web Component then 
add 
'CUSTOM_ELEMENTS_SCHEMA' 
to the 
'@Component.schemas' of 
this component to suppress 
this message.[0m 
[1m[35m[plugin 
angular-compiler][0m

    src/app/app.html:78:6:
[37m      78 Γöé       
[32m<app-transactions 
*ngIf="state.activeTab() 
=== 'transactions[37m...
         Γò╡       [32m~~~
~~~~~~~~~~~~~~~~~~~~~~~~~~~
~~~~~~~~~~~~~~~~~~~~~~~~~~~
~~~[0m

  Error occurs in the 
template of component App.

    src/app/app.ts:7:15:
[37m      7 Γöé   
templateUrl: 
[32m'./app.html'[37m,
        Γò╡                
[32m~~~~~~~~~~~~[0m


[31mX [41;31m[[41;97mERR
OR[41;31m][0m 
[1mNG8001: 'app-insights' 
is not a known element:
1. If 'app-insights' is an 
Angular component, then 
verify that it is included 
in the 
'@Component.imports' of 
this component.
2. If 'app-insights' is a 
Web Component then add 
'CUSTOM_ELEMENTS_SCHEMA' 
to the 
'@Component.schemas' of 
this component to suppress 
this message.[0m 
[1m[35m[plugin 
angular-compiler][0m

    src/app/app.html:79:6:
[37m      79 Γöé       
[32m<app-insights   
*ngIf="state.activeTab() 
=== 'insights'">[37m</a...
         Γò╡       [32m~~~
~~~~~~~~~~~~~~~~~~~~~~~~~~~
~~~~~~~~~~~~~~~~~~~~~~~~~~~
[0m

  Error occurs in the 
template of component App.

    src/app/app.ts:7:15:
[37m      7 Γöé   
templateUrl: 
[32m'./app.html'[37m,
        Γò╡                
[32m~~~~~~~~~~~~[0m


[31mX [41;31m[[41;97mERR
OR[41;31m][0m [1mCould 
not resolve "@angular/anima
tions/browser"[0m

    node_modules/@angular/p
latform-browser/fesm2022/an
imations.mjs:10:20:
[37m      10 Γöé import * 
as i1 from [32m'@angular/a
nimations/browser'[37m;
         Γò╡               
      [32m~~~~~~~~~~~~~~~~
~~~~~~~~~~~~~[0m

  You can mark the path "@a
ngular/animations/browser" 
as external to exclude it 
from the bundle, which 
will remove this error and 
leave the unresolved path 
in the bundle.

[39m[22m
